// Jest Snapshot v1, https://goo.gl/fbAQLP

exports[`render not found page 1`] = `
.c0 {
  text-align: center;
  font-weight: bold;
  font-size: 2rem;
  color: #676767;
  padding: 32px;
}

<div
  class="c0"
>
  404 Not Found
</div>
`;
